HTTP/1.1 200 Ok
Content-Length: 16
Content-Type: application/json

{
    "success": true
}

- INSERT INTO `user_passwords` VALUES ('7450751f307bc76d960f2d792c66f720','$2y$10$Pys/vUso4uzu69Z.cxvgP.QoMNY.d1lx8RqUWEDqW3WbBE7JvNviW');
+ INSERT INTO `user_passwords` VALUES ('7450751f307bc76d960f2d792c66f720','2b5ba3ada83baba331dd86cbb5d78dc2');
