HTTP/1.1 200 Ok
Content-Length: 286
Content-Type: text/html

<div>Firecow is logged in</div>

<form method="post" onsubmit="return simplePHP.submitProfileImage.run(event);" class="inlineForm">
    <div><input name="image" type="file" required></div>
    <button>
        <i class="fas fa-user-plus"></i>
        <c>Upload</c>
    </button>
</form>