HTTP/1.1 404 Not Found
Content-Length: 372
Content-Type: text/html

<html>
<head>
    <meta name="viewport" content="initial-scale=1">
    <title>Oh Snap</title>
    <link rel="shortcut icon" href="/favicon.png" type="image/x-icon"/>
    <link rel="stylesheet" type="text/css" href="/style.css">
</head>
<body>

<div class="padding">
    <div>Oh Snap (404)</div>
    <div>The page you requested cannot be found</div>
</div>

</body>
</html>